Device: cuda, seed: 44

=== Experiment: Alzheimer (OASIS-1 MRI slices), HC vs AD ===
  epoch 0: train_loss=0.4101 val_acc=0.8244
  epoch 1: train_loss=0.3290 val_acc=0.8017
  epoch 2: train_loss=0.2794 val_acc=0.7811
  epoch 3: train_loss=0.2235 val_acc=0.7972
  epoch 4: train_loss=0.1805 val_acc=0.8078
  epoch 5: train_loss=0.1364 val_acc=0.8383
RESULT alzheimer_hc_vs_ad: {'accuracy': 0.8388888888888889, 'macro_f1': 0.6620913052597236, 'sensitivity_per_class': {0: 1.0, 1: 0.2639593908629442}, 'specificity_per_class': {0: 0.2639593908629442, 1: 1.0}, 'auc_roc': 0.9778234686730546, 'best_val_acc': 0.8383333333333334, 'n_train': 8400, 'n_val': 1800, 'n_test': 1800}

=== Experiment: Parkinson's motor drawings (spiral), healthy vs PD, 5-fold CV ===
  -- fold 0: n_train=64 n_val=17 n_test=21
  epoch 0: train_loss=0.7431 val_acc=0.4706
  epoch 1: train_loss=0.6248 val_acc=0.3529
  epoch 2: train_loss=0.5598 val_acc=0.6471
  epoch 3: train_loss=0.4954 val_acc=0.5294
  epoch 4: train_loss=0.4186 val_acc=0.6471
  epoch 5: train_loss=0.3960 val_acc=0.6471
  epoch 6: train_loss=0.3694 val_acc=0.7647
  epoch 7: train_loss=0.3262 val_acc=0.7059
  epoch 8: train_loss=0.3198 val_acc=0.9412
  epoch 9: train_loss=0.2179 val_acc=0.5882
  epoch 10: train_loss=0.2710 val_acc=0.5882
  epoch 11: train_loss=0.2510 val_acc=0.5882
  epoch 12: train_loss=0.2268 val_acc=0.8235
  epoch 13: train_loss=0.1496 val_acc=0.4706
  epoch 14: train_loss=0.2044 val_acc=0.5294
  epoch 15: train_loss=0.2139 val_acc=0.8824
  epoch 16: train_loss=0.1355 val_acc=0.7647
  epoch 17: train_loss=0.2222 val_acc=0.6471
  epoch 18: train_loss=0.1052 val_acc=0.8824
  epoch 19: train_loss=0.1409 val_acc=0.4706
  epoch 20: train_loss=0.0795 val_acc=0.8235
  epoch 21: train_loss=0.0956 val_acc=0.4706
  epoch 22: train_loss=0.0535 val_acc=0.8824
  epoch 23: train_loss=0.0647 val_acc=0.4706
  epoch 24: train_loss=0.0843 val_acc=0.5294
  -- fold 1: n_train=64 n_val=17 n_test=21
  epoch 0: train_loss=0.7221 val_acc=0.4706
  epoch 1: train_loss=0.5931 val_acc=0.4706
  epoch 2: train_loss=0.5053 val_acc=0.4118
  epoch 3: train_loss=0.4020 val_acc=0.4706
  epoch 4: train_loss=0.3195 val_acc=0.5294
  epoch 5: train_loss=0.2811 val_acc=0.6471
  epoch 6: train_loss=0.2543 val_acc=0.5882
  epoch 7: train_loss=0.2249 val_acc=0.5294
  epoch 8: train_loss=0.2009 val_acc=0.4706
  epoch 9: train_loss=0.1721 val_acc=0.5882
  epoch 10: train_loss=0.1577 val_acc=0.5294
  epoch 11: train_loss=0.0964 val_acc=0.5882
  epoch 12: train_loss=0.1262 val_acc=0.4706
  epoch 13: train_loss=0.2241 val_acc=0.4706
  epoch 14: train_loss=0.1230 val_acc=0.5882
  epoch 15: train_loss=0.0699 val_acc=0.5882
  epoch 16: train_loss=0.0783 val_acc=0.5882
  epoch 17: train_loss=0.0632 val_acc=0.5882
  epoch 18: train_loss=0.0487 val_acc=0.5294
  epoch 19: train_loss=0.2028 val_acc=0.4706
  epoch 20: train_loss=0.1522 val_acc=0.6471
  epoch 21: train_loss=0.1517 val_acc=0.5294
  epoch 22: train_loss=0.0639 val_acc=0.5882
  epoch 23: train_loss=0.0665 val_acc=0.4118
  epoch 24: train_loss=0.1005 val_acc=0.6471
  -- fold 2: n_train=65 n_val=17 n_test=20
  epoch 0: train_loss=0.7182 val_acc=0.5294
  epoch 1: train_loss=0.5453 val_acc=0.5294
  epoch 2: train_loss=0.5436 val_acc=0.5294
  epoch 3: train_loss=0.4472 val_acc=0.5294
  epoch 4: train_loss=0.4581 val_acc=0.5294
  epoch 5: train_loss=0.4214 val_acc=0.7059
  epoch 6: train_loss=0.3299 val_acc=0.5294
  epoch 7: train_loss=0.3728 val_acc=0.7647
  epoch 8: train_loss=0.2992 val_acc=0.5882
  epoch 9: train_loss=0.3357 val_acc=0.4706
  epoch 10: train_loss=0.3356 val_acc=0.5882
  epoch 11: train_loss=0.3222 val_acc=0.5882
  epoch 12: train_loss=0.2333 val_acc=0.7647
  epoch 13: train_loss=0.1812 val_acc=0.5294
  epoch 14: train_loss=0.2209 val_acc=0.7647
  epoch 15: train_loss=0.1932 val_acc=0.8824
  epoch 16: train_loss=0.1833 val_acc=0.6471
  epoch 17: train_loss=0.1528 val_acc=0.5882
  epoch 18: train_loss=0.1924 val_acc=0.5882
  epoch 19: train_loss=0.1337 val_acc=0.5294
  epoch 20: train_loss=0.1765 val_acc=0.5294
  epoch 21: train_loss=0.2259 val_acc=0.5882
  epoch 22: train_loss=0.1622 val_acc=0.6471
  epoch 23: train_loss=0.1781 val_acc=0.4706
  epoch 24: train_loss=0.1592 val_acc=0.5294
  -- fold 3: n_train=65 n_val=17 n_test=20
  epoch 0: train_loss=0.7789 val_acc=0.4706
  epoch 1: train_loss=0.6896 val_acc=0.4706
  epoch 2: train_loss=0.5997 val_acc=0.4706
  epoch 3: train_loss=0.5687 val_acc=0.4118
  epoch 4: train_loss=0.5236 val_acc=0.4118
  epoch 5: train_loss=0.4595 val_acc=0.6471
  epoch 6: train_loss=0.5293 val_acc=0.5294
  epoch 7: train_loss=0.3602 val_acc=0.4706
  epoch 8: train_loss=0.3539 val_acc=0.5294
  epoch 9: train_loss=0.3323 val_acc=0.7647
  epoch 10: train_loss=0.3184 val_acc=0.4706
  epoch 11: train_loss=0.3368 val_acc=0.5294
  epoch 12: train_loss=0.3459 val_acc=0.5294
  epoch 13: train_loss=0.2251 val_acc=0.5294
  epoch 14: train_loss=0.2341 val_acc=0.7647
  epoch 15: train_loss=0.2449 val_acc=0.5294
  epoch 16: train_loss=0.2286 val_acc=0.7647
  epoch 17: train_loss=0.2068 val_acc=0.7059
  epoch 18: train_loss=0.1995 val_acc=0.5294
  epoch 19: train_loss=0.1714 val_acc=0.8235
  epoch 20: train_loss=0.1552 val_acc=0.8824
  epoch 21: train_loss=0.1581 val_acc=0.7647
  epoch 22: train_loss=0.1493 val_acc=0.5294
  epoch 23: train_loss=0.1691 val_acc=0.5294
  epoch 24: train_loss=0.1890 val_acc=0.4706
  -- fold 4: n_train=65 n_val=17 n_test=20
  epoch 0: train_loss=0.7531 val_acc=0.4706
  epoch 1: train_loss=0.6161 val_acc=0.4706
  epoch 2: train_loss=0.5378 val_acc=0.4706
  epoch 3: train_loss=0.4912 val_acc=0.5882
  epoch 4: train_loss=0.4924 val_acc=0.5294
  epoch 5: train_loss=0.4606 val_acc=0.4706
  epoch 6: train_loss=0.4306 val_acc=0.5882
  epoch 7: train_loss=0.4079 val_acc=0.4706
  epoch 8: train_loss=0.3757 val_acc=0.4118
  epoch 9: train_loss=0.3203 val_acc=0.7059
  epoch 10: train_loss=0.2764 val_acc=0.6471
  epoch 11: train_loss=0.2191 val_acc=0.4706
  epoch 12: train_loss=0.2714 val_acc=0.7647
  epoch 13: train_loss=0.1995 val_acc=0.5882
  epoch 14: train_loss=0.2450 val_acc=0.4706
  epoch 15: train_loss=0.1796 val_acc=0.5882
  epoch 16: train_loss=0.2191 val_acc=0.8235
  epoch 17: train_loss=0.1803 val_acc=0.5294
  epoch 18: train_loss=0.2674 val_acc=0.4706
  epoch 19: train_loss=0.2092 val_acc=0.5882
  epoch 20: train_loss=0.1553 val_acc=0.5882
  epoch 21: train_loss=0.1865 val_acc=0.5882
  epoch 22: train_loss=0.1756 val_acc=0.5882
  epoch 23: train_loss=0.1111 val_acc=0.5882
  epoch 24: train_loss=0.1315 val_acc=0.5882
RESULT pd_motor_spiral: {'accuracy': 0.7647058823529411, 'macro_f1': 0.7624223602484472, 'sensitivity_per_class': {0: 0.6666666666666666, 1: 0.8627450980392157}, 'specificity_per_class': {0: 0.8627450980392157, 1: 0.6666666666666666}, 'auc_roc': 0.8554402153018069, 'n_folds': 5, 'n_test_total': 102, 'per_fold_accuracy': [0.8095238095238095, 0.8095238095238095, 0.65, 0.7, 0.85], 'note': "5-fold stratified CV over the full train+test pool (n=102); checkpoint is fold-0's model only"}

=== Experiment: Parkinson's motor drawings (wave), healthy vs PD, 5-fold CV ===
  -- fold 0: n_train=64 n_val=17 n_test=21
  epoch 0: train_loss=0.6977 val_acc=0.4706
  epoch 1: train_loss=0.5487 val_acc=0.4706
  epoch 2: train_loss=0.4656 val_acc=0.4706
  epoch 3: train_loss=0.4716 val_acc=0.4706
  epoch 4: train_loss=0.3825 val_acc=0.5882
  epoch 5: train_loss=0.3161 val_acc=0.4706
  epoch 6: train_loss=0.3204 val_acc=0.6471
  epoch 7: train_loss=0.2286 val_acc=0.5294
  epoch 8: train_loss=0.2608 val_acc=0.6471
  epoch 9: train_loss=0.2594 val_acc=0.7647
  epoch 10: train_loss=0.2046 val_acc=0.5294
  epoch 11: train_loss=0.1814 val_acc=0.5294
  epoch 12: train_loss=0.1729 val_acc=0.5294
  epoch 13: train_loss=0.1718 val_acc=0.7647
  epoch 14: train_loss=0.1750 val_acc=0.5294
  epoch 15: train_loss=0.2049 val_acc=0.5882
  epoch 16: train_loss=0.1289 val_acc=0.5882
  epoch 17: train_loss=0.2049 val_acc=0.6471
  epoch 18: train_loss=0.1074 val_acc=0.7647
  epoch 19: train_loss=0.1374 val_acc=0.4706
  epoch 20: train_loss=0.2085 val_acc=0.7647
  epoch 21: train_loss=0.1358 val_acc=0.6471
  epoch 22: train_loss=0.1267 val_acc=0.5294
  epoch 23: train_loss=0.0821 val_acc=0.8235
  epoch 24: train_loss=0.0606 val_acc=0.5882
  -- fold 1: n_train=64 n_val=17 n_test=21
  epoch 0: train_loss=0.6519 val_acc=0.5294
  epoch 1: train_loss=0.5023 val_acc=0.4706
  epoch 2: train_loss=0.3645 val_acc=0.4706
  epoch 3: train_loss=0.3692 val_acc=0.4118
  epoch 4: train_loss=0.3248 val_acc=0.7059
  epoch 5: train_loss=0.3867 val_acc=0.4706
  epoch 6: train_loss=0.3392 val_acc=0.5294
  epoch 7: train_loss=0.2894 val_acc=0.5294
  epoch 8: train_loss=0.2750 val_acc=0.7059
  epoch 9: train_loss=0.2907 val_acc=0.7647
  epoch 10: train_loss=0.1997 val_acc=0.6471
  epoch 11: train_loss=0.1941 val_acc=0.6471
  epoch 12: train_loss=0.1503 val_acc=0.6471
  epoch 13: train_loss=0.2097 val_acc=0.7647
  epoch 14: train_loss=0.1494 val_acc=0.8235
  epoch 15: train_loss=0.1205 val_acc=0.6471
  epoch 16: train_loss=0.1172 val_acc=0.8235
  epoch 17: train_loss=0.1928 val_acc=0.8235
  epoch 18: train_loss=0.1332 val_acc=0.5882
  epoch 19: train_loss=0.1676 val_acc=0.6471
  epoch 20: train_loss=0.1974 val_acc=0.6471
  epoch 21: train_loss=0.1598 val_acc=0.7059
  epoch 22: train_loss=0.1080 val_acc=0.6471
  epoch 23: train_loss=0.1071 val_acc=0.5882
  epoch 24: train_loss=0.0854 val_acc=0.5882
  -- fold 2: n_train=65 n_val=17 n_test=20
  epoch 0: train_loss=0.6887 val_acc=0.5294
  epoch 1: train_loss=0.5483 val_acc=0.5294
  epoch 2: train_loss=0.4426 val_acc=0.5294
  epoch 3: train_loss=0.4655 val_acc=0.5294
  epoch 4: train_loss=0.3974 val_acc=0.5294
  epoch 5: train_loss=0.4379 val_acc=0.6471
  epoch 6: train_loss=0.4253 val_acc=0.5294
  epoch 7: train_loss=0.3647 val_acc=0.7059
  epoch 8: train_loss=0.2839 val_acc=0.7059
  epoch 9: train_loss=0.3750 val_acc=0.4706
  epoch 10: train_loss=0.2875 val_acc=0.8235
  epoch 11: train_loss=0.2473 val_acc=0.4706
  epoch 12: train_loss=0.2727 val_acc=0.5882
  epoch 13: train_loss=0.2163 val_acc=0.6471
  epoch 14: train_loss=0.2096 val_acc=0.7059
  epoch 15: train_loss=0.1992 val_acc=0.4706
  epoch 16: train_loss=0.1682 val_acc=0.4706
  epoch 17: train_loss=0.1993 val_acc=0.7059
  epoch 18: train_loss=0.1490 val_acc=0.4706
  epoch 19: train_loss=0.1782 val_acc=0.7059
  epoch 20: train_loss=0.1986 val_acc=0.4706
  epoch 21: train_loss=0.3077 val_acc=0.6471
  epoch 22: train_loss=0.1627 val_acc=0.7647
  epoch 23: train_loss=0.1849 val_acc=0.7647
  epoch 24: train_loss=0.1615 val_acc=0.4706
  -- fold 3: n_train=65 n_val=17 n_test=20
  epoch 0: train_loss=0.6718 val_acc=0.5294
  epoch 1: train_loss=0.6426 val_acc=0.5294
  epoch 2: train_loss=0.4804 val_acc=0.5294
  epoch 3: train_loss=0.4482 val_acc=0.5294
  epoch 4: train_loss=0.4061 val_acc=0.5294
  epoch 5: train_loss=0.3698 val_acc=0.7059
  epoch 6: train_loss=0.3238 val_acc=0.4706
  epoch 7: train_loss=0.3053 val_acc=0.5294
  epoch 8: train_loss=0.4111 val_acc=0.4706
  epoch 9: train_loss=0.2409 val_acc=0.5882
  epoch 10: train_loss=0.2482 val_acc=0.7059
  epoch 11: train_loss=0.2364 val_acc=0.5882
  epoch 12: train_loss=0.2811 val_acc=0.4706
  epoch 13: train_loss=0.2309 val_acc=0.6471
  epoch 14: train_loss=0.2752 val_acc=0.6471
  epoch 15: train_loss=0.2275 val_acc=0.5882
  epoch 16: train_loss=0.2082 val_acc=0.8235
  epoch 17: train_loss=0.2371 val_acc=0.6471
  epoch 18: train_loss=0.1355 val_acc=0.8824
  epoch 19: train_loss=0.1777 val_acc=0.5294
  epoch 20: train_loss=0.1537 val_acc=0.8824
  epoch 21: train_loss=0.1510 val_acc=0.7059
  epoch 22: train_loss=0.1663 val_acc=0.8824
  epoch 23: train_loss=0.0924 val_acc=0.8235
  epoch 24: train_loss=0.1049 val_acc=0.5294
  -- fold 4: n_train=65 n_val=17 n_test=20
  epoch 0: train_loss=0.6547 val_acc=0.5294
  epoch 1: train_loss=0.5069 val_acc=0.5294
  epoch 2: train_loss=0.4248 val_acc=0.5294
  epoch 3: train_loss=0.4350 val_acc=0.5294
  epoch 4: train_loss=0.4008 val_acc=0.5294
  epoch 5: train_loss=0.3223 val_acc=0.5882
  epoch 6: train_loss=0.3916 val_acc=0.5294
  epoch 7: train_loss=0.2783 val_acc=0.5294
  epoch 8: train_loss=0.3107 val_acc=0.5882
  epoch 9: train_loss=0.2547 val_acc=0.5294
  epoch 10: train_loss=0.2502 val_acc=0.4118
  epoch 11: train_loss=0.2626 val_acc=0.5882
  epoch 12: train_loss=0.1746 val_acc=0.4706
  epoch 13: train_loss=0.2626 val_acc=0.5294
  epoch 14: train_loss=0.2397 val_acc=0.7059
  epoch 15: train_loss=0.2204 val_acc=0.4706
  epoch 16: train_loss=0.2434 val_acc=0.4706
  epoch 17: train_loss=0.1461 val_acc=0.7059
  epoch 18: train_loss=0.2317 val_acc=0.7647
  epoch 19: train_loss=0.1246 val_acc=0.6471
  epoch 20: train_loss=0.2182 val_acc=0.6471
  epoch 21: train_loss=0.1586 val_acc=0.4706
  epoch 22: train_loss=0.1067 val_acc=0.7059
  epoch 23: train_loss=0.1105 val_acc=0.7059
  epoch 24: train_loss=0.1403 val_acc=0.4706
RESULT pd_motor_wave: {'accuracy': 0.7941176470588235, 'macro_f1': 0.7940978563875805, 'sensitivity_per_class': {0: 0.803921568627451, 1: 0.7843137254901961}, 'specificity_per_class': {0: 0.7843137254901961, 1: 0.803921568627451}, 'auc_roc': 0.8738946559015763, 'n_folds': 5, 'n_test_total': 102, 'per_fold_accuracy': [0.8095238095238095, 0.8571428571428571, 0.85, 0.85, 0.6], 'note': "5-fold stratified CV over the full train+test pool (n=102); checkpoint is fold-0's model only"}

=== Experiment: Parkinson's voice (UCI dysphonia features), healthy vs PD, 5-fold subject-grouped CV ===
  -- fold 0: n_train=126 n_val=32 n_test=37
  epoch 0: train_loss=0.7806 val_acc=0.7188
  epoch 1: train_loss=0.5869 val_acc=0.7188
  epoch 2: train_loss=0.5775 val_acc=0.7188
  epoch 3: train_loss=0.5661 val_acc=0.7188
  epoch 4: train_loss=0.5714 val_acc=0.7188
  epoch 5: train_loss=0.5519 val_acc=0.7188
  epoch 6: train_loss=0.5424 val_acc=0.7188
  epoch 7: train_loss=0.5383 val_acc=0.8438
  epoch 8: train_loss=0.5205 val_acc=0.8438
  epoch 9: train_loss=0.5023 val_acc=0.8125
  epoch 10: train_loss=0.5779 val_acc=0.7188
  epoch 11: train_loss=0.4909 val_acc=0.7812
  epoch 12: train_loss=0.5029 val_acc=0.8438
  epoch 13: train_loss=0.5076 val_acc=0.8438
  epoch 14: train_loss=0.4739 val_acc=0.7812
  epoch 15: train_loss=0.5339 val_acc=0.8125
  epoch 16: train_loss=0.5070 val_acc=0.7188
  epoch 17: train_loss=0.5354 val_acc=0.8125
  epoch 18: train_loss=0.4965 val_acc=0.8125
  epoch 19: train_loss=0.4670 val_acc=0.8438
  epoch 20: train_loss=0.4852 val_acc=0.7188
  epoch 21: train_loss=0.5435 val_acc=0.7188
  epoch 22: train_loss=0.5455 val_acc=0.7188
  epoch 23: train_loss=0.5065 val_acc=0.8125
  epoch 24: train_loss=0.5059 val_acc=0.8125
  epoch 25: train_loss=0.4847 val_acc=0.7812
  epoch 26: train_loss=0.5067 val_acc=0.7500
  epoch 27: train_loss=0.5111 val_acc=0.8125
  epoch 28: train_loss=0.4353 val_acc=0.8125
  epoch 29: train_loss=0.4734 val_acc=0.8438
  epoch 30: train_loss=0.4824 val_acc=0.7500
  epoch 31: train_loss=0.5161 val_acc=0.8438
  epoch 32: train_loss=0.4708 val_acc=0.8438
  epoch 33: train_loss=0.4802 val_acc=0.8125
  epoch 34: train_loss=0.5089 val_acc=0.8438
  epoch 35: train_loss=0.4677 val_acc=0.7500
  epoch 36: train_loss=0.4579 val_acc=0.7188
  epoch 37: train_loss=0.5271 val_acc=0.7500
  epoch 38: train_loss=0.5161 val_acc=0.8125
  epoch 39: train_loss=0.4950 val_acc=0.7500
  -- fold 1: n_train=126 n_val=32 n_test=37
  epoch 0: train_loss=0.7055 val_acc=0.7188
  epoch 1: train_loss=0.6490 val_acc=0.7188
  epoch 2: train_loss=0.5888 val_acc=0.7188
  epoch 3: train_loss=0.5758 val_acc=0.7188
  epoch 4: train_loss=0.5732 val_acc=0.7188
  epoch 5: train_loss=0.5798 val_acc=0.7188
  epoch 6: train_loss=0.5826 val_acc=0.7188
  epoch 7: train_loss=0.5756 val_acc=0.7188
  epoch 8: train_loss=0.5675 val_acc=0.7188
  epoch 9: train_loss=0.5590 val_acc=0.7188
  epoch 10: train_loss=0.5338 val_acc=0.7188
  epoch 11: train_loss=0.5831 val_acc=0.8438
  epoch 12: train_loss=0.4775 val_acc=0.8438
  epoch 13: train_loss=0.4957 val_acc=0.7188
  epoch 14: train_loss=0.5751 val_acc=0.7188
  epoch 15: train_loss=0.5736 val_acc=0.7188
  epoch 16: train_loss=0.5709 val_acc=0.7188
  epoch 17: train_loss=0.5501 val_acc=0.7188
  epoch 18: train_loss=0.5422 val_acc=0.7188
  epoch 19: train_loss=0.4791 val_acc=0.8125
  epoch 20: train_loss=0.5305 val_acc=0.8125
  epoch 21: train_loss=0.4756 val_acc=0.7812
  epoch 22: train_loss=0.4935 val_acc=0.8125
  epoch 23: train_loss=0.4627 val_acc=0.7188
  epoch 24: train_loss=0.4461 val_acc=0.8125
  epoch 25: train_loss=0.4590 val_acc=0.8125
  epoch 26: train_loss=0.4420 val_acc=0.8125
  epoch 27: train_loss=0.4544 val_acc=0.8438
  epoch 28: train_loss=0.5519 val_acc=0.7188
  epoch 29: train_loss=0.5061 val_acc=0.8125
  epoch 30: train_loss=0.5062 val_acc=0.8438
  epoch 31: train_loss=0.4953 val_acc=0.7812
  epoch 32: train_loss=0.4919 val_acc=0.7188
  epoch 33: train_loss=0.4590 val_acc=0.8125
  epoch 34: train_loss=0.4674 val_acc=0.8438
  epoch 35: train_loss=0.4948 val_acc=0.8438
  epoch 36: train_loss=0.4276 val_acc=0.8125
  epoch 37: train_loss=0.4062 val_acc=0.8438
  epoch 38: train_loss=0.4776 val_acc=0.7500
  epoch 39: train_loss=0.4602 val_acc=0.7500
  -- fold 2: n_train=126 n_val=32 n_test=37
  epoch 0: train_loss=0.7097 val_acc=0.7188
  epoch 1: train_loss=0.6209 val_acc=0.7188
  epoch 2: train_loss=0.5851 val_acc=0.7188
  epoch 3: train_loss=0.5936 val_acc=0.7188
  epoch 4: train_loss=0.5820 val_acc=0.7188
  epoch 5: train_loss=0.5801 val_acc=0.7188
  epoch 6: train_loss=0.5722 val_acc=0.7188
  epoch 7: train_loss=0.5895 val_acc=0.7188
  epoch 8: train_loss=0.5746 val_acc=0.7188
  epoch 9: train_loss=0.5797 val_acc=0.7188
  epoch 10: train_loss=0.5651 val_acc=0.7188
  epoch 11: train_loss=0.5905 val_acc=0.7188
  epoch 12: train_loss=0.5746 val_acc=0.7188
  epoch 13: train_loss=0.5873 val_acc=0.7188
  epoch 14: train_loss=0.6026 val_acc=0.7188
  epoch 15: train_loss=0.5774 val_acc=0.7188
  epoch 16: train_loss=0.5629 val_acc=0.7188
  epoch 17: train_loss=0.5723 val_acc=0.6875
  epoch 18: train_loss=0.5415 val_acc=0.6562
  epoch 19: train_loss=0.5558 val_acc=0.7188
  epoch 20: train_loss=0.5833 val_acc=0.7188
  epoch 21: train_loss=0.5604 val_acc=0.7812
  epoch 22: train_loss=0.6033 val_acc=0.7188
  epoch 23: train_loss=0.5563 val_acc=0.7188
  epoch 24: train_loss=0.5695 val_acc=0.7188
  epoch 25: train_loss=0.5598 val_acc=0.7188
  epoch 26: train_loss=0.5593 val_acc=0.7188
  epoch 27: train_loss=0.5809 val_acc=0.7188
  epoch 28: train_loss=0.5633 val_acc=0.7188
  epoch 29: train_loss=0.5584 val_acc=0.7188
  epoch 30: train_loss=0.5617 val_acc=0.7188
  epoch 31: train_loss=0.5511 val_acc=0.7188
  epoch 32: train_loss=0.5758 val_acc=0.7188
  epoch 33: train_loss=0.5554 val_acc=0.7188
  epoch 34: train_loss=0.5843 val_acc=0.7188
  epoch 35: train_loss=0.5553 val_acc=0.7812
  epoch 36: train_loss=0.5502 val_acc=0.7188
  epoch 37: train_loss=0.5591 val_acc=0.7188
  epoch 38: train_loss=0.5617 val_acc=0.8125
  epoch 39: train_loss=0.5813 val_acc=0.7188
  -- fold 3: n_train=122 n_val=31 n_test=42
  epoch 0: train_loss=0.5859 val_acc=0.7742
  epoch 1: train_loss=0.5662 val_acc=0.7742
  epoch 2: train_loss=0.5513 val_acc=0.7742
  epoch 3: train_loss=0.5383 val_acc=0.7742
  epoch 4: train_loss=0.5031 val_acc=0.7742
  epoch 5: train_loss=0.5034 val_acc=0.6129
  epoch 6: train_loss=0.5394 val_acc=0.7742
  epoch 7: train_loss=0.5200 val_acc=0.7742
  epoch 8: train_loss=0.4978 val_acc=0.7742
  epoch 9: train_loss=0.5436 val_acc=0.7742
  epoch 10: train_loss=0.5147 val_acc=0.7742
  epoch 11: train_loss=0.5177 val_acc=0.8387
  epoch 12: train_loss=0.5006 val_acc=0.7742
  epoch 13: train_loss=0.4579 val_acc=0.7097
  epoch 14: train_loss=0.4536 val_acc=0.8710
  epoch 15: train_loss=0.4333 val_acc=0.8065
  epoch 16: train_loss=0.4931 val_acc=0.8065
  epoch 17: train_loss=0.5005 val_acc=0.8065
  epoch 18: train_loss=0.4704 val_acc=0.8065
  epoch 19: train_loss=0.4590 val_acc=0.6452
  epoch 20: train_loss=0.4178 val_acc=0.8710
  epoch 21: train_loss=0.4077 val_acc=0.8387
  epoch 22: train_loss=0.4448 val_acc=0.8387
  epoch 23: train_loss=0.4274 val_acc=0.8387
  epoch 24: train_loss=0.4364 val_acc=0.8387
  epoch 25: train_loss=0.4780 val_acc=0.7742
  epoch 26: train_loss=0.4779 val_acc=0.8387
  epoch 27: train_loss=0.4399 val_acc=0.7742
  epoch 28: train_loss=0.4201 val_acc=0.7742
  epoch 29: train_loss=0.4354 val_acc=0.7097
  epoch 30: train_loss=0.4176 val_acc=0.6774
  epoch 31: train_loss=0.4211 val_acc=0.8065
  epoch 32: train_loss=0.3738 val_acc=0.8387
  epoch 33: train_loss=0.3614 val_acc=0.8065
  epoch 34: train_loss=0.4204 val_acc=0.6774
  epoch 35: train_loss=0.3928 val_acc=0.6774
  epoch 36: train_loss=0.4254 val_acc=0.7742
  epoch 37: train_loss=0.4054 val_acc=0.7097
  epoch 38: train_loss=0.3665 val_acc=0.8387
  epoch 39: train_loss=0.4365 val_acc=0.6452
  -- fold 4: n_train=122 n_val=31 n_test=42
  epoch 0: train_loss=0.6241 val_acc=0.8065
  epoch 1: train_loss=0.4982 val_acc=0.8065
  epoch 2: train_loss=0.5284 val_acc=0.8065
  epoch 3: train_loss=0.5061 val_acc=0.8065
  epoch 4: train_loss=0.5384 val_acc=0.8065
  epoch 5: train_loss=0.5125 val_acc=0.8065
  epoch 6: train_loss=0.5048 val_acc=0.8065
  epoch 7: train_loss=0.4953 val_acc=0.8065
  epoch 8: train_loss=0.4946 val_acc=0.8065
  epoch 9: train_loss=0.5105 val_acc=0.8065
  epoch 10: train_loss=0.4855 val_acc=0.8065
  epoch 11: train_loss=0.4815 val_acc=0.8065
  epoch 12: train_loss=0.5350 val_acc=0.8065
  epoch 13: train_loss=0.5100 val_acc=0.8065
  epoch 14: train_loss=0.4979 val_acc=0.8065
  epoch 15: train_loss=0.4953 val_acc=0.8065
  epoch 16: train_loss=0.4943 val_acc=0.8065
  epoch 17: train_loss=0.4908 val_acc=0.8065
  epoch 18: train_loss=0.4980 val_acc=0.8065
  epoch 19: train_loss=0.5009 val_acc=0.8065
  epoch 20: train_loss=0.4871 val_acc=0.8065
  epoch 21: train_loss=0.4850 val_acc=0.8065
  epoch 22: train_loss=0.4927 val_acc=0.8065
  epoch 23: train_loss=0.4790 val_acc=0.8065
  epoch 24: train_loss=0.5213 val_acc=0.8065
  epoch 25: train_loss=0.5060 val_acc=0.8065
  epoch 26: train_loss=0.5036 val_acc=0.8065
  epoch 27: train_loss=0.4847 val_acc=0.8065
  epoch 28: train_loss=0.4911 val_acc=0.8065
  epoch 29: train_loss=0.4866 val_acc=0.8065
  epoch 30: train_loss=0.4926 val_acc=0.8065
  epoch 31: train_loss=0.4884 val_acc=0.8065
  epoch 32: train_loss=0.4943 val_acc=0.8065
  epoch 33: train_loss=0.5113 val_acc=0.8065
  epoch 34: train_loss=0.5086 val_acc=0.8065
  epoch 35: train_loss=0.5017 val_acc=0.8065
  epoch 36: train_loss=0.4982 val_acc=0.8065
  epoch 37: train_loss=0.5070 val_acc=0.8065
  epoch 38: train_loss=0.5019 val_acc=0.8065
  epoch 39: train_loss=0.4953 val_acc=0.8065
RESULT pd_voice: {'accuracy': 0.7846153846153846, 'macro_f1': 0.5863636363636363, 'sensitivity_per_class': {0: 0.1875, 1: 0.9795918367346939}, 'specificity_per_class': {0: 0.9795918367346939, 1: 0.1875}, 'auc_roc': 0.47491496598639454, 'n_folds': 5, 'n_test_total': 195, 'per_fold_accuracy': [0.8378378378378378, 0.7567567567567568, 1.0, 0.7857142857142857, 0.5714285714285714], 'note': "5-fold GroupKFold CV by subject (n=195, ~31 subjects); checkpoint is fold-0's model only"}

=== Experiment: Epilepsy (Epileptic Seizure Recognition), seizure vs non-seizure ===
  epoch 0: train_loss=0.1628 val_acc=0.9675
  epoch 1: train_loss=0.1053 val_acc=0.9728
  epoch 2: train_loss=0.0812 val_acc=0.9832
  epoch 3: train_loss=0.0686 val_acc=0.9838
  epoch 4: train_loss=0.0550 val_acc=0.9861
  epoch 5: train_loss=0.0495 val_acc=0.9896
  epoch 6: train_loss=0.0461 val_acc=0.9890
  epoch 7: train_loss=0.0385 val_acc=0.9936
  epoch 8: train_loss=0.0397 val_acc=0.9867
  epoch 9: train_loss=0.0417 val_acc=0.9907
RESULT epilepsy: {'accuracy': 0.9878260869565217, 'macro_f1': 0.9808319236176628, 'sensitivity_per_class': {0: 0.994927536231884, 1: 0.9594202898550724}, 'specificity_per_class': {0: 0.9594202898550724, 1: 0.994927536231884}, 'auc_roc': 0.9992858643142197, 'best_val_acc': 0.9936231884057971, 'n_train': 8050, 'n_val': 1725, 'n_test': 1725, 'note': 'rows are pre-shuffled by the dataset distributor; standard random split matches published practice on this corpus'}

=== Experiment: CAMFN joint (all cohorts, dynamic gated fusion, missing-modality masking) ===
  epoch 0: train_loss=0.4770 val_acc=0.8141
  epoch 1: train_loss=0.3181 val_acc=0.8835
  epoch 2: train_loss=0.2635 val_acc=0.8256
  epoch 3: train_loss=0.2442 val_acc=0.4176
  epoch 4: train_loss=0.1926 val_acc=0.8453
  epoch 5: train_loss=0.1619 val_acc=0.5856
RESULT camfn_joint_5way: {'accuracy': 0.567258883248731, 'macro_f1': 0.5295710730493339, 'sensitivity_per_class': {0: 0.2910602910602911, 1: 1.0, 2: 1.0, 3: 1.0, 4: nan}, 'specificity_per_class': {0: 1.0, 1: 0.4935361216730038, 2: 0.9896840747904577, 3: 1.0, 4: 1.0}, 'auc_roc_ovr_macro': 0.9585674736713481, 'auc_roc_ovr_macro_n_classes_included': 4, 'n_train': 13836, 'n_val': 2965, 'n_test': 2966, 'note': '5-way diagnosis across combined cohorts; each test sample carries exactly one real modality (others masked absent) -- this validates missing-modality-robust routing through one shared fusion+classification head, not true joint multimodal benefit (no dataset here has >1 modality per patient).'}

=== Experiment: Fusion ablation -- NaiveMeanFusion vs CAMFN (identical split) ===
  epoch 0: train_loss=0.5255 val_acc=0.8230
  epoch 1: train_loss=0.3336 val_acc=0.8243
  epoch 2: train_loss=0.2885 val_acc=0.8358
  epoch 3: train_loss=0.2547 val_acc=0.6544
  epoch 4: train_loss=0.2293 val_acc=0.8243
  epoch 5: train_loss=0.2063 val_acc=0.8230
RESULT fusion_ablation_naive_mean: {'accuracy': 0.825507614213198, 'macro_f1': 0.5247590637907298, 'sensitivity_per_class': {0: 0.9896049896049897, 1: 0.0, 2: 0.84, 3: 1.0, 4: nan}, 'specificity_per_class': {0: 0.5684039087947883, 1: 1.0, 2: 0.9935525467440361, 3: 1.0, 4: 1.0}, 'auc_roc_ovr_macro': 0.9328462291369608, 'auc_roc_ovr_macro_n_classes_included': 4, 'n_train': 13836, 'n_val': 2965, 'n_test': 2966, 'note': 'Ablation baseline: same encoders/placeholders/heads as CAMFN, fusion replaced by a fixed masked mean (no cross-attention, no learned gate). Compare directly against camfn_joint_5way from the same seed.'}

Total wall time: 134.7s

Wrote /workspace/camfn_multimodal_system/experiments/results/real_results_seed44.csv and run_seed44.log
