Device: cuda, seed: 42

=== Experiment: Alzheimer (OASIS-1 MRI slices), HC vs AD ===
  epoch 0: train_loss=0.4312 val_acc=0.8350
  epoch 1: train_loss=0.3307 val_acc=0.8717
  epoch 2: train_loss=0.2715 val_acc=0.7956
  epoch 3: train_loss=0.2283 val_acc=0.8900
  epoch 4: train_loss=0.1747 val_acc=0.9233
  epoch 5: train_loss=0.1335 val_acc=0.9044
  saved checkpoint -> /workspace/camfn_multimodal_system/experiments/checkpoints/alzheimer_mri.pt
RESULT alzheimer_hc_vs_ad: {'accuracy': 0.9233333333333333, 'macro_f1': 0.8902757065820441, 'sensitivity_per_class': {0: 0.9464285714285714, 1: 0.8425}, 'specificity_per_class': {0: 0.8425, 1: 0.9464285714285714}, 'auc_roc': 0.9655089285714287, 'best_val_acc': 0.9233333333333333, 'n_train': 8400, 'n_val': 1800, 'n_test': 1800}

=== Experiment: Parkinson's motor drawings (spiral), healthy vs PD, 5-fold CV ===
  -- fold 0: n_train=64 n_val=17 n_test=21
  epoch 0: train_loss=0.7611 val_acc=0.5294
  epoch 1: train_loss=0.6182 val_acc=0.5294
  epoch 2: train_loss=0.5314 val_acc=0.5294
  epoch 3: train_loss=0.4621 val_acc=0.4706
  epoch 4: train_loss=0.4269 val_acc=0.5882
  epoch 5: train_loss=0.3015 val_acc=0.6471
  epoch 6: train_loss=0.3322 val_acc=0.5882
  epoch 7: train_loss=0.2747 val_acc=0.6471
  epoch 8: train_loss=0.3398 val_acc=0.5294
  epoch 9: train_loss=0.2207 val_acc=0.6471
  epoch 10: train_loss=0.2062 val_acc=0.5882
  epoch 11: train_loss=0.1653 val_acc=0.6471
  epoch 12: train_loss=0.0986 val_acc=0.5294
  epoch 13: train_loss=0.1231 val_acc=0.5294
  epoch 14: train_loss=0.1020 val_acc=0.6471
  epoch 15: train_loss=0.1985 val_acc=0.4706
  epoch 16: train_loss=0.1439 val_acc=0.6471
  epoch 17: train_loss=0.0941 val_acc=0.5294
  epoch 18: train_loss=0.2070 val_acc=0.5294
  epoch 19: train_loss=0.1664 val_acc=0.7647
  epoch 20: train_loss=0.1998 val_acc=0.5882
  epoch 21: train_loss=0.0737 val_acc=0.7059
  epoch 22: train_loss=0.0953 val_acc=0.6471
  epoch 23: train_loss=0.0811 val_acc=0.5882
  epoch 24: train_loss=0.0951 val_acc=0.5294
  saved checkpoint -> /workspace/camfn_multimodal_system/experiments/checkpoints/pd_motor_spiral.pt
  -- fold 1: n_train=64 n_val=17 n_test=21
  epoch 0: train_loss=0.7436 val_acc=0.5294
  epoch 1: train_loss=0.6429 val_acc=0.4118
  epoch 2: train_loss=0.5071 val_acc=0.5294
  epoch 3: train_loss=0.5189 val_acc=0.5294
  epoch 4: train_loss=0.4213 val_acc=0.5294
  epoch 5: train_loss=0.3780 val_acc=0.4706
  epoch 6: train_loss=0.3467 val_acc=0.5294
  epoch 7: train_loss=0.3108 val_acc=0.4706
  epoch 8: train_loss=0.3143 val_acc=0.6471
  epoch 9: train_loss=0.3057 val_acc=0.7059
  epoch 10: train_loss=0.1877 val_acc=0.7647
  epoch 11: train_loss=0.2050 val_acc=0.4706
  epoch 12: train_loss=0.1620 val_acc=0.4706
  epoch 13: train_loss=0.1392 val_acc=0.5882
  epoch 14: train_loss=0.1148 val_acc=0.7059
  epoch 15: train_loss=0.0779 val_acc=0.7059
  epoch 16: train_loss=0.0731 val_acc=0.7059
  epoch 17: train_loss=0.1006 val_acc=0.7059
  epoch 18: train_loss=0.0893 val_acc=0.4706
  epoch 19: train_loss=0.0703 val_acc=0.5294
  epoch 20: train_loss=0.1070 val_acc=0.7059
  epoch 21: train_loss=0.1245 val_acc=0.7059
  epoch 22: train_loss=0.1296 val_acc=0.5294
  epoch 23: train_loss=0.2021 val_acc=0.4706
  epoch 24: train_loss=0.1045 val_acc=0.7647
  -- fold 2: n_train=65 n_val=17 n_test=20
  epoch 0: train_loss=0.8575 val_acc=0.4706
  epoch 1: train_loss=0.6825 val_acc=0.5294
  epoch 2: train_loss=0.6220 val_acc=0.5294
  epoch 3: train_loss=0.5634 val_acc=0.5294
  epoch 4: train_loss=0.5384 val_acc=0.7059
  epoch 5: train_loss=0.5538 val_acc=0.6471
  epoch 6: train_loss=0.4756 val_acc=0.4706
  epoch 7: train_loss=0.4878 val_acc=0.6471
  epoch 8: train_loss=0.3894 val_acc=0.8824
  epoch 9: train_loss=0.3527 val_acc=0.8824
  epoch 10: train_loss=0.3674 val_acc=0.8824
  epoch 11: train_loss=0.3216 val_acc=0.4706
  epoch 12: train_loss=0.2683 val_acc=0.8235
  epoch 13: train_loss=0.2708 val_acc=0.9412
  epoch 14: train_loss=0.3207 val_acc=0.8824
  epoch 15: train_loss=0.2675 val_acc=0.4706
  epoch 16: train_loss=0.2818 val_acc=0.5294
  epoch 17: train_loss=0.2167 val_acc=0.8824
  epoch 18: train_loss=0.2274 val_acc=0.6471
  epoch 19: train_loss=0.2529 val_acc=0.4706
  epoch 20: train_loss=0.2008 val_acc=0.5294
  epoch 21: train_loss=0.2324 val_acc=0.9412
  epoch 22: train_loss=0.1803 val_acc=0.5294
  epoch 23: train_loss=0.1939 val_acc=0.4706
  epoch 24: train_loss=0.1521 val_acc=0.5294
  -- fold 3: n_train=65 n_val=17 n_test=20
  epoch 0: train_loss=0.8402 val_acc=0.5294
  epoch 1: train_loss=0.6697 val_acc=0.5294
  epoch 2: train_loss=0.6232 val_acc=0.5294
  epoch 3: train_loss=0.6024 val_acc=0.5294
  epoch 4: train_loss=0.5418 val_acc=0.6471
  epoch 5: train_loss=0.5223 val_acc=0.7059
  epoch 6: train_loss=0.4667 val_acc=0.8235
  epoch 7: train_loss=0.4836 val_acc=0.5294
  epoch 8: train_loss=0.4594 val_acc=0.4706
  epoch 9: train_loss=0.4712 val_acc=0.6471
  epoch 10: train_loss=0.3577 val_acc=0.4706
  epoch 11: train_loss=0.4174 val_acc=0.8235
  epoch 12: train_loss=0.3188 val_acc=0.4706
  epoch 13: train_loss=0.4084 val_acc=0.7059
  epoch 14: train_loss=0.3373 val_acc=0.7059
  epoch 15: train_loss=0.2983 val_acc=0.8824
  epoch 16: train_loss=0.2948 val_acc=0.4706
  epoch 17: train_loss=0.2200 val_acc=0.5294
  epoch 18: train_loss=0.3027 val_acc=0.4706
  epoch 19: train_loss=0.2785 val_acc=0.6471
  epoch 20: train_loss=0.2179 val_acc=0.5882
  epoch 21: train_loss=0.1980 val_acc=0.8235
  epoch 22: train_loss=0.2833 val_acc=0.5882
  epoch 23: train_loss=0.1709 val_acc=0.8235
  epoch 24: train_loss=0.2026 val_acc=0.7647
  -- fold 4: n_train=65 n_val=17 n_test=20
  epoch 0: train_loss=0.6707 val_acc=0.5294
  epoch 1: train_loss=0.5787 val_acc=0.5294
  epoch 2: train_loss=0.5608 val_acc=0.5882
  epoch 3: train_loss=0.5128 val_acc=0.5294
  epoch 4: train_loss=0.5341 val_acc=0.4706
  epoch 5: train_loss=0.4971 val_acc=0.5882
  epoch 6: train_loss=0.3798 val_acc=0.5882
  epoch 7: train_loss=0.3874 val_acc=0.8235
  epoch 8: train_loss=0.3538 val_acc=0.8824
  epoch 9: train_loss=0.4176 val_acc=0.4706
  epoch 10: train_loss=0.3600 val_acc=0.9412
  epoch 11: train_loss=0.2972 val_acc=0.7647
  epoch 12: train_loss=0.2479 val_acc=0.5294
  epoch 13: train_loss=0.2716 val_acc=0.8824
  epoch 14: train_loss=0.2902 val_acc=0.9412
  epoch 15: train_loss=0.2412 val_acc=0.5294
  epoch 16: train_loss=0.2301 val_acc=0.4706
  epoch 17: train_loss=0.1922 val_acc=0.6471
  epoch 18: train_loss=0.2461 val_acc=0.5294
  epoch 19: train_loss=0.1964 val_acc=0.4706
  epoch 20: train_loss=0.2122 val_acc=0.7647
  epoch 21: train_loss=0.2121 val_acc=0.5294
  epoch 22: train_loss=0.1403 val_acc=0.8235
  epoch 23: train_loss=0.1869 val_acc=0.4706
  epoch 24: train_loss=0.1373 val_acc=0.8235
RESULT pd_motor_spiral: {'accuracy': 0.8431372549019608, 'macro_f1': 0.8421663442940038, 'sensitivity_per_class': {0: 0.7647058823529411, 1: 0.9215686274509803}, 'specificity_per_class': {0: 0.9215686274509803, 1: 0.7647058823529411}, 'auc_roc': 0.906958861976163, 'n_folds': 5, 'n_test_total': 102, 'per_fold_accuracy': [0.8571428571428571, 0.8095238095238095, 0.9, 0.85, 0.8], 'note': "5-fold stratified CV over the full train+test pool (n=102); checkpoint is fold-0's model only"}

=== Experiment: Parkinson's motor drawings (wave), healthy vs PD, 5-fold CV ===
  -- fold 0: n_train=64 n_val=17 n_test=21
  epoch 0: train_loss=0.6501 val_acc=0.5294
  epoch 1: train_loss=0.5208 val_acc=0.4706
  epoch 2: train_loss=0.4410 val_acc=0.4706
  epoch 3: train_loss=0.3962 val_acc=0.4706
  epoch 4: train_loss=0.4471 val_acc=0.4706
  epoch 5: train_loss=0.3354 val_acc=0.4706
  epoch 6: train_loss=0.3842 val_acc=0.4706
  epoch 7: train_loss=0.3180 val_acc=0.7059
  epoch 8: train_loss=0.2462 val_acc=0.4706
  epoch 9: train_loss=0.3065 val_acc=0.4706
  epoch 10: train_loss=0.2277 val_acc=0.6471
  epoch 11: train_loss=0.2243 val_acc=0.7647
  epoch 12: train_loss=0.1739 val_acc=0.4706
  epoch 13: train_loss=0.1638 val_acc=0.8824
  epoch 14: train_loss=0.1300 val_acc=0.8235
  epoch 15: train_loss=0.1419 val_acc=0.5294
  epoch 16: train_loss=0.1481 val_acc=0.8824
  epoch 17: train_loss=0.2183 val_acc=0.9412
  epoch 18: train_loss=0.1853 val_acc=0.5294
  epoch 19: train_loss=0.1254 val_acc=0.9412
  epoch 20: train_loss=0.0955 val_acc=0.5882
  epoch 21: train_loss=0.0703 val_acc=0.6471
  epoch 22: train_loss=0.0651 val_acc=0.8235
  epoch 23: train_loss=0.0487 val_acc=0.8235
  epoch 24: train_loss=0.1064 val_acc=0.8235
  saved checkpoint -> /workspace/camfn_multimodal_system/experiments/checkpoints/pd_motor_wave.pt
  -- fold 1: n_train=64 n_val=17 n_test=21
  epoch 0: train_loss=0.6691 val_acc=0.4706
  epoch 1: train_loss=0.5545 val_acc=0.5294
  epoch 2: train_loss=0.4655 val_acc=0.5294
  epoch 3: train_loss=0.4030 val_acc=0.5294
  epoch 4: train_loss=0.3569 val_acc=0.5294
  epoch 5: train_loss=0.2767 val_acc=0.5294
  epoch 6: train_loss=0.2620 val_acc=0.8235
  epoch 7: train_loss=0.2067 val_acc=0.7059
  epoch 8: train_loss=0.1761 val_acc=0.8235
  epoch 9: train_loss=0.2457 val_acc=0.4706
  epoch 10: train_loss=0.2513 val_acc=0.5294
  epoch 11: train_loss=0.2632 val_acc=0.5882
  epoch 12: train_loss=0.1657 val_acc=0.8235
  epoch 13: train_loss=0.1463 val_acc=0.7059
  epoch 14: train_loss=0.1142 val_acc=0.5882
  epoch 15: train_loss=0.0994 val_acc=0.5294
  epoch 16: train_loss=0.0733 val_acc=0.5882
  epoch 17: train_loss=0.0976 val_acc=0.8235
  epoch 18: train_loss=0.1631 val_acc=0.7647
  epoch 19: train_loss=0.0727 val_acc=0.7647
  epoch 20: train_loss=0.0522 val_acc=0.5294
  epoch 21: train_loss=0.1176 val_acc=0.7647
  epoch 22: train_loss=0.0807 val_acc=0.5294
  epoch 23: train_loss=0.1120 val_acc=0.5294
  epoch 24: train_loss=0.0743 val_acc=0.7059
  -- fold 2: n_train=65 n_val=17 n_test=20
  epoch 0: train_loss=0.7384 val_acc=0.4706
  epoch 1: train_loss=0.6630 val_acc=0.4706
  epoch 2: train_loss=0.4767 val_acc=0.4706
  epoch 3: train_loss=0.4897 val_acc=0.5294
  epoch 4: train_loss=0.4250 val_acc=0.4706
  epoch 5: train_loss=0.4370 val_acc=0.3529
  epoch 6: train_loss=0.3998 val_acc=0.7647
  epoch 7: train_loss=0.2963 val_acc=0.6471
  epoch 8: train_loss=0.3490 val_acc=0.4706
  epoch 9: train_loss=0.4159 val_acc=0.4706
  epoch 10: train_loss=0.3029 val_acc=0.5294
  epoch 11: train_loss=0.3071 val_acc=0.7647
  epoch 12: train_loss=0.2690 val_acc=0.6471
  epoch 13: train_loss=0.2582 val_acc=0.5882
  epoch 14: train_loss=0.2351 val_acc=0.5294
  epoch 15: train_loss=0.2578 val_acc=0.5294
  epoch 16: train_loss=0.2595 val_acc=0.8235
  epoch 17: train_loss=0.1902 val_acc=0.8824
  epoch 18: train_loss=0.2301 val_acc=0.5294
  epoch 19: train_loss=0.1623 val_acc=0.8235
  epoch 20: train_loss=0.2439 val_acc=0.6471
  epoch 21: train_loss=0.1468 val_acc=0.5294
  epoch 22: train_loss=0.1690 val_acc=0.4706
  epoch 23: train_loss=0.1744 val_acc=0.5882
  epoch 24: train_loss=0.2537 val_acc=0.7059
  -- fold 3: n_train=65 n_val=17 n_test=20
  epoch 0: train_loss=0.6691 val_acc=0.5294
  epoch 1: train_loss=0.5322 val_acc=0.5294
  epoch 2: train_loss=0.5536 val_acc=0.5882
  epoch 3: train_loss=0.5220 val_acc=0.5294
  epoch 4: train_loss=0.4775 val_acc=0.4706
  epoch 5: train_loss=0.5460 val_acc=0.8824
  epoch 6: train_loss=0.4419 val_acc=0.7059
  epoch 7: train_loss=0.5000 val_acc=0.4706
  epoch 8: train_loss=0.4142 val_acc=0.6471
  epoch 9: train_loss=0.3828 val_acc=0.6471
  epoch 10: train_loss=0.3512 val_acc=0.4706
  epoch 11: train_loss=0.3246 val_acc=0.6471
  epoch 12: train_loss=0.3843 val_acc=0.6471
  epoch 13: train_loss=0.3008 val_acc=0.5882
  epoch 14: train_loss=0.2804 val_acc=0.8824
  epoch 15: train_loss=0.2443 val_acc=0.7059
  epoch 16: train_loss=0.2556 val_acc=0.5294
  epoch 17: train_loss=0.2765 val_acc=0.4706
  epoch 18: train_loss=0.3634 val_acc=0.6471
  epoch 19: train_loss=0.1895 val_acc=0.7059
  epoch 20: train_loss=0.2520 val_acc=0.4706
  epoch 21: train_loss=0.2048 val_acc=0.7059
  epoch 22: train_loss=0.1769 val_acc=0.5294
  epoch 23: train_loss=0.1565 val_acc=0.7059
  epoch 24: train_loss=0.1593 val_acc=0.5294
  -- fold 4: n_train=65 n_val=17 n_test=20
  epoch 0: train_loss=0.7328 val_acc=0.4706
  epoch 1: train_loss=0.5715 val_acc=0.7059
  epoch 2: train_loss=0.4929 val_acc=0.5294
  epoch 3: train_loss=0.4226 val_acc=0.6471
  epoch 4: train_loss=0.4458 val_acc=0.7059
  epoch 5: train_loss=0.3818 val_acc=0.7647
  epoch 6: train_loss=0.4018 val_acc=0.7647
  epoch 7: train_loss=0.3911 val_acc=0.4706
  epoch 8: train_loss=0.3904 val_acc=0.7647
  epoch 9: train_loss=0.2820 val_acc=0.7647
  epoch 10: train_loss=0.3376 val_acc=0.4706
  epoch 11: train_loss=0.2326 val_acc=0.7059
  epoch 12: train_loss=0.2604 val_acc=0.4706
  epoch 13: train_loss=0.2810 val_acc=0.4706
  epoch 14: train_loss=0.2334 val_acc=0.6471
  epoch 15: train_loss=0.2054 val_acc=0.4706
  epoch 16: train_loss=0.2453 val_acc=0.5882
  epoch 17: train_loss=0.1532 val_acc=0.4706
  epoch 18: train_loss=0.2742 val_acc=0.8824
  epoch 19: train_loss=0.2017 val_acc=0.4706
  epoch 20: train_loss=0.2125 val_acc=0.8235
  epoch 21: train_loss=0.2091 val_acc=0.4706
  epoch 22: train_loss=0.2035 val_acc=0.7059
  epoch 23: train_loss=0.1515 val_acc=0.8824
  epoch 24: train_loss=0.1265 val_acc=0.5294
RESULT pd_motor_wave: {'accuracy': 0.7549019607843137, 'macro_f1': 0.7478991596638656, 'sensitivity_per_class': {0: 0.9215686274509803, 1: 0.5882352941176471}, 'specificity_per_class': {0: 0.5882352941176471, 1: 0.9215686274509803}, 'auc_roc': 0.895040369088812, 'n_folds': 5, 'n_test_total': 102, 'per_fold_accuracy': [0.7142857142857143, 0.8095238095238095, 0.8, 0.75, 0.7], 'note': "5-fold stratified CV over the full train+test pool (n=102); checkpoint is fold-0's model only"}

=== Experiment: Parkinson's voice (UCI dysphonia features), healthy vs PD, 5-fold subject-grouped CV ===
  -- fold 0: n_train=126 n_val=32 n_test=37
  epoch 0: train_loss=0.6459 val_acc=0.7188
  epoch 1: train_loss=0.5817 val_acc=0.7188
  epoch 2: train_loss=0.5920 val_acc=0.7188
  epoch 3: train_loss=0.6249 val_acc=0.7188
  epoch 4: train_loss=0.5835 val_acc=0.7188
  epoch 5: train_loss=0.5657 val_acc=0.7188
  epoch 6: train_loss=0.5809 val_acc=0.7188
  epoch 7: train_loss=0.5606 val_acc=0.7188
  epoch 8: train_loss=0.5489 val_acc=0.7188
  epoch 9: train_loss=0.5930 val_acc=0.7188
  epoch 10: train_loss=0.5637 val_acc=0.8750
  epoch 11: train_loss=0.5660 val_acc=0.7188
  epoch 12: train_loss=0.5346 val_acc=0.7188
  epoch 13: train_loss=0.5604 val_acc=0.7188
  epoch 14: train_loss=0.5461 val_acc=0.7188
  epoch 15: train_loss=0.5611 val_acc=0.7188
  epoch 16: train_loss=0.5272 val_acc=0.8750
  epoch 17: train_loss=0.5077 val_acc=0.7500
  epoch 18: train_loss=0.5447 val_acc=0.8438
  epoch 19: train_loss=0.5241 val_acc=0.8750
  epoch 20: train_loss=0.5161 val_acc=0.7500
  epoch 21: train_loss=0.5139 val_acc=0.8438
  epoch 22: train_loss=0.4908 val_acc=0.8750
  epoch 23: train_loss=0.4758 val_acc=0.7188
  epoch 24: train_loss=0.5427 val_acc=0.8750
  epoch 25: train_loss=0.4858 val_acc=0.7188
  epoch 26: train_loss=0.6184 val_acc=0.7188
  epoch 27: train_loss=0.5521 val_acc=0.7188
  epoch 28: train_loss=0.5264 val_acc=0.8750
  epoch 29: train_loss=0.5103 val_acc=0.8438
  epoch 30: train_loss=0.5501 val_acc=0.7188
  epoch 31: train_loss=0.5544 val_acc=0.8438
  epoch 32: train_loss=0.5404 val_acc=0.8125
  epoch 33: train_loss=0.5229 val_acc=0.8750
  epoch 34: train_loss=0.5128 val_acc=0.8438
  epoch 35: train_loss=0.5112 val_acc=0.8750
  epoch 36: train_loss=0.4961 val_acc=0.8438
  epoch 37: train_loss=0.4925 val_acc=0.8750
  epoch 38: train_loss=0.4900 val_acc=0.8438
  epoch 39: train_loss=0.4788 val_acc=0.8750
  saved checkpoint -> /workspace/camfn_multimodal_system/experiments/checkpoints/pd_voice.pt
  -- fold 1: n_train=126 n_val=32 n_test=37
  epoch 0: train_loss=0.7203 val_acc=0.7188
  epoch 1: train_loss=0.6171 val_acc=0.7188
  epoch 2: train_loss=0.5918 val_acc=0.7188
  epoch 3: train_loss=0.5840 val_acc=0.7188
  epoch 4: train_loss=0.5781 val_acc=0.7188
  epoch 5: train_loss=0.5727 val_acc=0.7188
  epoch 6: train_loss=0.5695 val_acc=0.7188
  epoch 7: train_loss=0.5832 val_acc=0.7188
  epoch 8: train_loss=0.5737 val_acc=0.7188
  epoch 9: train_loss=0.5832 val_acc=0.7188
  epoch 10: train_loss=0.5830 val_acc=0.7188
  epoch 11: train_loss=0.5995 val_acc=0.7188
  epoch 12: train_loss=0.5814 val_acc=0.7188
  epoch 13: train_loss=0.5626 val_acc=0.7188
  epoch 14: train_loss=0.5596 val_acc=0.7188
  epoch 15: train_loss=0.5955 val_acc=0.7188
  epoch 16: train_loss=0.5477 val_acc=0.7188
  epoch 17: train_loss=0.5594 val_acc=0.7188
  epoch 18: train_loss=0.5319 val_acc=0.8750
  epoch 19: train_loss=0.5231 val_acc=0.7188
  epoch 20: train_loss=0.5220 val_acc=0.7812
  epoch 21: train_loss=0.5860 val_acc=0.7188
  epoch 22: train_loss=0.5697 val_acc=0.7188
  epoch 23: train_loss=0.5769 val_acc=0.7188
  epoch 24: train_loss=0.5715 val_acc=0.7188
  epoch 25: train_loss=0.5666 val_acc=0.7812
  epoch 26: train_loss=0.5378 val_acc=0.8125
  epoch 27: train_loss=0.5019 val_acc=0.8750
  epoch 28: train_loss=0.5068 val_acc=0.8750
  epoch 29: train_loss=0.5115 val_acc=0.8438
  epoch 30: train_loss=0.5303 val_acc=0.8438
  epoch 31: train_loss=0.5514 val_acc=0.7188
  epoch 32: train_loss=0.5693 val_acc=0.7188
  epoch 33: train_loss=0.5491 val_acc=0.7188
  epoch 34: train_loss=0.5448 val_acc=0.7188
  epoch 35: train_loss=0.5142 val_acc=0.7500
  epoch 36: train_loss=0.5592 val_acc=0.8750
  epoch 37: train_loss=0.6064 val_acc=0.7188
  epoch 38: train_loss=0.5828 val_acc=0.7188
  epoch 39: train_loss=0.5483 val_acc=0.7188
  -- fold 2: n_train=126 n_val=32 n_test=37
  epoch 0: train_loss=0.7016 val_acc=0.7188
  epoch 1: train_loss=0.6108 val_acc=0.7188
  epoch 2: train_loss=0.5897 val_acc=0.7188
  epoch 3: train_loss=0.5797 val_acc=0.7188
  epoch 4: train_loss=0.5866 val_acc=0.7188
  epoch 5: train_loss=0.5859 val_acc=0.7188
  epoch 6: train_loss=0.5742 val_acc=0.7188
  epoch 7: train_loss=0.5613 val_acc=0.7188
  epoch 8: train_loss=0.5857 val_acc=0.7188
  epoch 9: train_loss=0.5790 val_acc=0.7188
  epoch 10: train_loss=0.5743 val_acc=0.7188
  epoch 11: train_loss=0.5865 val_acc=0.7188
  epoch 12: train_loss=0.5842 val_acc=0.7188
  epoch 13: train_loss=0.5683 val_acc=0.7188
  epoch 14: train_loss=0.5628 val_acc=0.7188
  epoch 15: train_loss=0.5879 val_acc=0.7188
  epoch 16: train_loss=0.5546 val_acc=0.7188
  epoch 17: train_loss=0.5740 val_acc=0.7188
  epoch 18: train_loss=0.6080 val_acc=0.7188
  epoch 19: train_loss=0.5655 val_acc=0.7188
  epoch 20: train_loss=0.5616 val_acc=0.7188
  epoch 21: train_loss=0.5581 val_acc=0.7188
  epoch 22: train_loss=0.5595 val_acc=0.7188
  epoch 23: train_loss=0.5571 val_acc=0.7812
  epoch 24: train_loss=0.5613 val_acc=0.7188
  epoch 25: train_loss=0.5721 val_acc=0.8125
  epoch 26: train_loss=0.5723 val_acc=0.7188
  epoch 27: train_loss=0.5714 val_acc=0.7188
  epoch 28: train_loss=0.5651 val_acc=0.7188
  epoch 29: train_loss=0.5527 val_acc=0.7188
  epoch 30: train_loss=0.5620 val_acc=0.7188
  epoch 31: train_loss=0.5520 val_acc=0.8125
  epoch 32: train_loss=0.5872 val_acc=0.7188
  epoch 33: train_loss=0.5906 val_acc=0.7188
  epoch 34: train_loss=0.5978 val_acc=0.7188
  epoch 35: train_loss=0.5824 val_acc=0.7188
  epoch 36: train_loss=0.5868 val_acc=0.7188
  epoch 37: train_loss=0.5823 val_acc=0.7188
  epoch 38: train_loss=0.5880 val_acc=0.7188
  epoch 39: train_loss=0.5685 val_acc=0.7188
  -- fold 3: n_train=122 n_val=31 n_test=42
  epoch 0: train_loss=0.6385 val_acc=0.7742
  epoch 1: train_loss=0.5164 val_acc=0.7742
  epoch 2: train_loss=0.5559 val_acc=0.7742
  epoch 3: train_loss=0.5249 val_acc=0.7742
  epoch 4: train_loss=0.5013 val_acc=0.7742
  epoch 5: train_loss=0.5030 val_acc=0.7742
  epoch 6: train_loss=0.6089 val_acc=0.7742
  epoch 7: train_loss=0.5369 val_acc=0.7742
  epoch 8: train_loss=0.5553 val_acc=0.7742
  epoch 9: train_loss=0.5438 val_acc=0.7742
  epoch 10: train_loss=0.5434 val_acc=0.7742
  epoch 11: train_loss=0.5101 val_acc=0.7742
  epoch 12: train_loss=0.5063 val_acc=0.8710
  epoch 13: train_loss=0.4880 val_acc=0.8710
  epoch 14: train_loss=0.4467 val_acc=0.8710
  epoch 15: train_loss=0.4500 val_acc=0.8387
  epoch 16: train_loss=0.5225 val_acc=0.8710
  epoch 17: train_loss=0.4046 val_acc=0.8710
  epoch 18: train_loss=0.5208 val_acc=0.7742
  epoch 19: train_loss=0.5132 val_acc=0.8387
  epoch 20: train_loss=0.4672 val_acc=0.8710
  epoch 21: train_loss=0.4564 val_acc=0.8710
  epoch 22: train_loss=0.4848 val_acc=0.8710
  epoch 23: train_loss=0.4743 val_acc=0.7742
  epoch 24: train_loss=0.5115 val_acc=0.8387
  epoch 25: train_loss=0.4896 val_acc=0.7742
  epoch 26: train_loss=0.4991 val_acc=0.8710
  epoch 27: train_loss=0.4523 val_acc=0.8387
  epoch 28: train_loss=0.5132 val_acc=0.8710
  epoch 29: train_loss=0.4597 val_acc=0.8710
  epoch 30: train_loss=0.4505 val_acc=0.8710
  epoch 31: train_loss=0.5017 val_acc=0.8710
  epoch 32: train_loss=0.3968 val_acc=0.8710
  epoch 33: train_loss=0.4408 val_acc=0.8710
  epoch 34: train_loss=0.4539 val_acc=0.8710
  epoch 35: train_loss=0.4392 val_acc=0.7742
  epoch 36: train_loss=0.4887 val_acc=0.8710
  epoch 37: train_loss=0.4366 val_acc=0.8710
  epoch 38: train_loss=0.4177 val_acc=0.8710
  epoch 39: train_loss=0.4147 val_acc=0.8710
  -- fold 4: n_train=122 n_val=31 n_test=42
  epoch 0: train_loss=0.5602 val_acc=0.8065
  epoch 1: train_loss=0.5119 val_acc=0.8065
  epoch 2: train_loss=0.4978 val_acc=0.8065
  epoch 3: train_loss=0.4921 val_acc=0.8065
  epoch 4: train_loss=0.4960 val_acc=0.8065
  epoch 5: train_loss=0.4985 val_acc=0.8065
  epoch 6: train_loss=0.5156 val_acc=0.8065
  epoch 7: train_loss=0.4938 val_acc=0.8065
  epoch 8: train_loss=0.4826 val_acc=0.8065
  epoch 9: train_loss=0.4777 val_acc=0.8065
  epoch 10: train_loss=0.5292 val_acc=0.8065
  epoch 11: train_loss=0.4832 val_acc=0.8065
  epoch 12: train_loss=0.4757 val_acc=0.8065
  epoch 13: train_loss=0.5158 val_acc=0.8065
  epoch 14: train_loss=0.5072 val_acc=0.8065
  epoch 15: train_loss=0.4887 val_acc=0.8065
  epoch 16: train_loss=0.4997 val_acc=0.8065
  epoch 17: train_loss=0.4537 val_acc=0.8387
  epoch 18: train_loss=0.4475 val_acc=0.8065
  epoch 19: train_loss=0.4958 val_acc=0.8065
  epoch 20: train_loss=0.5020 val_acc=0.8065
  epoch 21: train_loss=0.4863 val_acc=0.8387
  epoch 22: train_loss=0.4515 val_acc=0.8387
  epoch 23: train_loss=0.4596 val_acc=0.8065
  epoch 24: train_loss=0.4747 val_acc=0.8065
  epoch 25: train_loss=0.4466 val_acc=0.8387
  epoch 26: train_loss=0.4693 val_acc=0.8065
  epoch 27: train_loss=0.4619 val_acc=0.8065
  epoch 28: train_loss=0.4976 val_acc=0.8065
  epoch 29: train_loss=0.4685 val_acc=0.8065
  epoch 30: train_loss=0.4674 val_acc=0.8065
  epoch 31: train_loss=0.4817 val_acc=0.8387
  epoch 32: train_loss=0.4419 val_acc=0.8387
  epoch 33: train_loss=0.4154 val_acc=0.8387
  epoch 34: train_loss=0.4520 val_acc=0.8387
  epoch 35: train_loss=0.4335 val_acc=0.8065
  epoch 36: train_loss=0.4579 val_acc=0.8387
  epoch 37: train_loss=0.4565 val_acc=0.8387
  epoch 38: train_loss=0.4542 val_acc=0.8387
  epoch 39: train_loss=0.3980 val_acc=0.8387
RESULT pd_voice: {'accuracy': 0.7384615384615385, 'macro_f1': 0.579047619047619, 'sensitivity_per_class': {0: 0.25, 1: 0.8979591836734694}, 'specificity_per_class': {0: 0.8979591836734694, 1: 0.25}, 'auc_roc': 0.5595238095238095, 'n_folds': 5, 'n_test_total': 195, 'per_fold_accuracy': [0.8378378378378378, 0.6216216216216216, 0.972972972972973, 0.6428571428571429, 0.6428571428571429], 'note': "5-fold GroupKFold CV by subject (n=195, ~31 subjects); checkpoint is fold-0's model only"}

=== Experiment: Epilepsy (Epileptic Seizure Recognition), seizure vs non-seizure ===
  epoch 0: train_loss=0.1527 val_acc=0.9565
  epoch 1: train_loss=0.0835 val_acc=0.9670
  epoch 2: train_loss=0.0644 val_acc=0.9733
  epoch 3: train_loss=0.0577 val_acc=0.9809
  epoch 4: train_loss=0.0569 val_acc=0.9849
  epoch 5: train_loss=0.0494 val_acc=0.9855
  epoch 6: train_loss=0.0457 val_acc=0.9872
  epoch 7: train_loss=0.0511 val_acc=0.9739
  epoch 8: train_loss=0.0410 val_acc=0.9849
  epoch 9: train_loss=0.0352 val_acc=0.9901
  saved checkpoint -> /workspace/camfn_multimodal_system/experiments/checkpoints/epilepsy_eeg.pt
RESULT epilepsy: {'accuracy': 0.9872463768115942, 'macro_f1': 0.9798969793026291, 'sensitivity_per_class': {0: 0.994927536231884, 1: 0.9565217391304348}, 'specificity_per_class': {0: 0.9565217391304348, 1: 0.994927536231884}, 'auc_roc': 0.9991493383742911, 'best_val_acc': 0.9901449275362318, 'n_train': 8050, 'n_val': 1725, 'n_test': 1725, 'note': 'rows are pre-shuffled by the dataset distributor; standard random split matches published practice on this corpus'}

=== Experiment: CAMFN joint (all cohorts, dynamic gated fusion, missing-modality masking) ===
  epoch 0: train_loss=0.4873 val_acc=0.8585
  epoch 1: train_loss=0.3351 val_acc=0.6585
  epoch 2: train_loss=0.2825 val_acc=0.5569
  epoch 3: train_loss=0.2306 val_acc=0.3814
  epoch 4: train_loss=0.1999 val_acc=0.8926
  epoch 5: train_loss=0.1542 val_acc=0.8322
  saved checkpoint -> /workspace/camfn_multimodal_system/experiments/checkpoints/camfn_joint.pt
RESULT camfn_joint_5way: {'accuracy': 0.8199498117942283, 'macro_f1': 0.5307347141673571, 'sensitivity_per_class': {0: 0.984994640943194, 1: 0.0, 2: 0.9655172413793104, 3: 1.0, 4: nan}, 'specificity_per_class': {0: 0.5869894099848714, 1: 1.0, 2: 0.9910543130990416, 3: 1.0, 4: 1.0}, 'auc_roc_ovr_macro': 0.8933558449210681, 'auc_roc_ovr_macro_n_classes_included': 4, 'n_train': 13836, 'n_val': 2965, 'n_test': 2966, 'note': '5-way diagnosis across combined cohorts; each test sample carries exactly one real modality (others masked absent) -- this validates missing-modality-robust routing through one shared fusion+classification head, not true joint multimodal benefit (no dataset here has >1 modality per patient).'}

=== Experiment: Fusion ablation -- NaiveMeanFusion vs CAMFN (identical split) ===
  epoch 0: train_loss=0.5443 val_acc=0.8334
  epoch 1: train_loss=0.3525 val_acc=0.8373
  epoch 2: train_loss=0.3046 val_acc=0.8624
  epoch 3: train_loss=0.2760 val_acc=0.7357
  epoch 4: train_loss=0.2458 val_acc=0.8334
  epoch 5: train_loss=0.2108 val_acc=0.8437
RESULT fusion_ablation_naive_mean: {'accuracy': 0.8281053952321205, 'macro_f1': 0.5415977797601348, 'sensitivity_per_class': {0: 0.9914255091103966, 1: 0.04779411764705882, 2: 0.7586206896551724, 3: 1.0, 4: nan}, 'specificity_per_class': {0: 0.5975794251134644, 1: 1.0, 2: 0.994888178913738, 3: 1.0, 4: 1.0}, 'auc_roc_ovr_macro': 0.9151005333928379, 'auc_roc_ovr_macro_n_classes_included': 4, 'n_train': 13836, 'n_val': 2965, 'n_test': 2966, 'note': 'Ablation baseline: same encoders/placeholders/heads as CAMFN, fusion replaced by a fixed masked mean (no cross-attention, no learned gate). Compare directly against camfn_joint_5way from the same seed.'}

Total wall time: 135.2s